###############################################################################
#
# IAR ELF Linker V8.50.4.261/W32 for ARM                  22/Oct/2020  11:34:38
# Copyright 2007-2020 IAR Systems AB.
#
#    Output file  =
#        Z:\Work_Project\BKY3200D_AI\BKY3200D_AI\EWARM\BKY3200D_AI\Exe\BKY3200D_AI.out
#    Map file     =
#        Z:\Work_Project\BKY3200D_AI\BKY3200D_AI\EWARM\BKY3200D_AI\List\BKY3200D_AI.map
#    Command line =
#        -f C:\Users\Администратор\AppData\Local\Temp\EW8DCE.tmp
#        (Z:\Work_Project\BKY3200D_AI\BKY3200D_AI\EWARM\BKY3200D_AI\Obj\cmsis_os2.o
#        Z:\Work_Project\BKY3200D_AI\BKY3200D_AI\EWARM\BKY3200D_AI\Obj\croutine.o
#        Z:\Work_Project\BKY3200D_AI\BKY3200D_AI\EWARM\BKY3200D_AI\Obj\event_groups.o
#        Z:\Work_Project\BKY3200D_AI\BKY3200D_AI\EWARM\BKY3200D_AI\Obj\freertos.o
#        Z:\Work_Project\BKY3200D_AI\BKY3200D_AI\EWARM\BKY3200D_AI\Obj\heap_4.o
#        Z:\Work_Project\BKY3200D_AI\BKY3200D_AI\EWARM\BKY3200D_AI\Obj\list.o
#        Z:\Work_Project\BKY3200D_AI\BKY3200D_AI\EWARM\BKY3200D_AI\Obj\main.o
#        Z:\Work_Project\BKY3200D_AI\BKY3200D_AI\EWARM\BKY3200D_AI\Obj\port.o
#        Z:\Work_Project\BKY3200D_AI\BKY3200D_AI\EWARM\BKY3200D_AI\Obj\portasm.o
#        Z:\Work_Project\BKY3200D_AI\BKY3200D_AI\EWARM\BKY3200D_AI\Obj\queue.o
#        Z:\Work_Project\BKY3200D_AI\BKY3200D_AI\EWARM\BKY3200D_AI\Obj\startup_stm32f429xx.o
#        Z:\Work_Project\BKY3200D_AI\BKY3200D_AI\EWARM\BKY3200D_AI\Obj\stm32f4xx_hal.o
#        Z:\Work_Project\BKY3200D_AI\BKY3200D_AI\EWARM\BKY3200D_AI\Obj\stm32f4xx_hal_cortex.o
#        Z:\Work_Project\BKY3200D_AI\BKY3200D_AI\EWARM\BKY3200D_AI\Obj\stm32f4xx_hal_crc.o
#        Z:\Work_Project\BKY3200D_AI\BKY3200D_AI\EWARM\BKY3200D_AI\Obj\stm32f4xx_hal_dma.o
#        Z:\Work_Project\BKY3200D_AI\BKY3200D_AI\EWARM\BKY3200D_AI\Obj\stm32f4xx_hal_dma2d.o
#        Z:\Work_Project\BKY3200D_AI\BKY3200D_AI\EWARM\BKY3200D_AI\Obj\stm32f4xx_hal_dma_ex.o
#        Z:\Work_Project\BKY3200D_AI\BKY3200D_AI\EWARM\BKY3200D_AI\Obj\stm32f4xx_hal_dsi.o
#        Z:\Work_Project\BKY3200D_AI\BKY3200D_AI\EWARM\BKY3200D_AI\Obj\stm32f4xx_hal_exti.o
#        Z:\Work_Project\BKY3200D_AI\BKY3200D_AI\EWARM\BKY3200D_AI\Obj\stm32f4xx_hal_flash.o
#        Z:\Work_Project\BKY3200D_AI\BKY3200D_AI\EWARM\BKY3200D_AI\Obj\stm32f4xx_hal_flash_ex.o
#        Z:\Work_Project\BKY3200D_AI\BKY3200D_AI\EWARM\BKY3200D_AI\Obj\stm32f4xx_hal_flash_ramfunc.o
#        Z:\Work_Project\BKY3200D_AI\BKY3200D_AI\EWARM\BKY3200D_AI\Obj\stm32f4xx_hal_gpio.o
#        Z:\Work_Project\BKY3200D_AI\BKY3200D_AI\EWARM\BKY3200D_AI\Obj\stm32f4xx_hal_iwdg.o
#        Z:\Work_Project\BKY3200D_AI\BKY3200D_AI\EWARM\BKY3200D_AI\Obj\stm32f4xx_hal_ltdc.o
#        Z:\Work_Project\BKY3200D_AI\BKY3200D_AI\EWARM\BKY3200D_AI\Obj\stm32f4xx_hal_ltdc_ex.o
#        Z:\Work_Project\BKY3200D_AI\BKY3200D_AI\EWARM\BKY3200D_AI\Obj\stm32f4xx_hal_msp.o
#        Z:\Work_Project\BKY3200D_AI\BKY3200D_AI\EWARM\BKY3200D_AI\Obj\stm32f4xx_hal_pwr.o
#        Z:\Work_Project\BKY3200D_AI\BKY3200D_AI\EWARM\BKY3200D_AI\Obj\stm32f4xx_hal_pwr_ex.o
#        Z:\Work_Project\BKY3200D_AI\BKY3200D_AI\EWARM\BKY3200D_AI\Obj\stm32f4xx_hal_rcc.o
#        Z:\Work_Project\BKY3200D_AI\BKY3200D_AI\EWARM\BKY3200D_AI\Obj\stm32f4xx_hal_rcc_ex.o
#        Z:\Work_Project\BKY3200D_AI\BKY3200D_AI\EWARM\BKY3200D_AI\Obj\stm32f4xx_hal_tim.o
#        Z:\Work_Project\BKY3200D_AI\BKY3200D_AI\EWARM\BKY3200D_AI\Obj\stm32f4xx_hal_tim_ex.o
#        Z:\Work_Project\BKY3200D_AI\BKY3200D_AI\EWARM\BKY3200D_AI\Obj\stm32f4xx_it.o
#        Z:\Work_Project\BKY3200D_AI\BKY3200D_AI\EWARM\BKY3200D_AI\Obj\stream_buffer.o
#        Z:\Work_Project\BKY3200D_AI\BKY3200D_AI\EWARM\BKY3200D_AI\Obj\system_stm32f4xx.o
#        Z:\Work_Project\BKY3200D_AI\BKY3200D_AI\EWARM\BKY3200D_AI\Obj\tasks.o
#        Z:\Work_Project\BKY3200D_AI\BKY3200D_AI\EWARM\BKY3200D_AI\Obj\timers.o
#        --redirect _Printf=_PrintfFull --redirect _Scanf=_ScanfFull
#        --no_out_extension -o
#        Z:\Work_Project\BKY3200D_AI\BKY3200D_AI\EWARM\BKY3200D_AI\Exe\BKY3200D_AI.out
#        --map
#        Z:\Work_Project\BKY3200D_AI\BKY3200D_AI\EWARM\BKY3200D_AI\List\BKY3200D_AI.map
#        --config
#        Z:\Work_Project\BKY3200D_AI\BKY3200D_AI\EWARM/stm32f429xx_flash.icf
#        --semihosting --entry __iar_program_start --vfe --text_out locale)
#
###############################################################################

*******************************************************************************
*** RUNTIME MODEL ATTRIBUTES
***

CppFlavor       = *
__SystemLibrary = DLib
__dlib_version  = 6


*******************************************************************************
*** HEAP SELECTION
***

The basic heap was selected because no calls to memory allocation
functions were found in the application outside of system library
functions, and there are calls to deallocation functions in the
application.


*******************************************************************************
*** PLACEMENT SUMMARY
***

"A0":  place at address 0x800'0000 { ro section .intvec };
"P1":  place in [from 0x800'0000 to 0x81f'ffff] { ro };
define block CSTACK with size = 1K, alignment = 8 { };
define block HEAP with size = 512, alignment = 8 { };
"P2":  place in [from 0x2000'0000 to 0x2002'ffff] {
          rw, block CSTACK, block HEAP };
initialize by copy { rw };

  Section            Kind         Address    Size  Object
  -------            ----         -------    ----  ------
"A0":                                       0x1ac
  .intvec            ro code   0x800'0000   0x1ac  startup_stm32f429xx.o [1]
                             - 0x800'01ac   0x1ac

"P1":                                      0x2ea2
  .text              ro code   0x800'01ac   0x75c  tasks.o [1]
  .text              ro code   0x800'0908   0x1b8  heap_4.o [1]
  .text              ro code   0x800'0ac0    0x3a  ABImemset48.o [4]
  .text              ro code   0x800'0afa    0x92  list.o [1]
  .text              ro code   0x800'0b8c   0x1f0  port.o [1]
  .text              ro code   0x800'0d7c   0x1a0  cmsis_os2.o [1]
  .text              ro code   0x800'0f1c   0x35c  timers.o [1]
  .text              ro code   0x800'1278     0x2  freertos.o [1]
  .text              ro code   0x800'127a    0x3a  zero_init3.o [4]
  CODE               ro code   0x800'12b4    0xb0  portasm.o [1]
  .text              ro code   0x800'1364   0x584  queue.o [1]
  .text              ro code   0x800'18e8    0x18  ABImemcpy_small.o [4]
  .text              ro code   0x800'1900   0x310  stm32f4xx_hal_rcc.o [1]
  .text              ro code   0x800'1c10     0xc  stm32f4xx_hal.o [1]
  .text              ro code   0x800'1c1c   0x2b6  main.o [1]
  .text              ro code   0x800'1ed4    0x34  stm32f4xx_hal.o [1]
  .text              ro code   0x800'1f08    0x20  stm32f4xx_hal_crc.o [1]
  .text              ro code   0x800'1f28    0xf6  stm32f4xx_hal_dma2d.o [1]
  .text              ro code   0x800'201e    0x44  stm32f4xx_hal_iwdg.o [1]
  .text              ro code   0x800'2062    0x14  memset.o [4]
  .text              ro code   0x800'2078   0x248  stm32f4xx_hal_ltdc.o [1]
  .text              ro code   0x800'22c0    0x78  stm32f4xx_hal_pwr_ex.o [1]
  .text              ro code   0x800'2338   0x180  stm32f4xx_hal_rcc.o [1]
  .text              ro code   0x800'24b8   0x224  stm32f4xx_hal_rcc_ex.o [1]
  .text              ro code   0x800'26dc    0xac  stm32f4xx_hal_cortex.o [1]
  .text              ro code   0x800'2788    0x40  stm32f4xx_hal.o [1]
  .text              ro code   0x800'27c8   0x25c  stm32f4xx_hal_msp.o [1]
  .text              ro code   0x800'2a24    0x12  ABImemset_small.o [4]
  .text              ro code   0x800'2a38   0x106  I64DivMod_small.o [4]
  .text              ro code   0x800'2b40   0x1f8  stm32f4xx_hal_gpio.o [1]
  .text              ro code   0x800'2d38     0x2  I64DivZer.o [4]
  .text              ro code   0x800'2d3a    0x38  packbits_init_single.o [4]
  .text              ro code   0x800'2d74    0x2c  system_stm32f4xx.o [1]
  .text              ro code   0x800'2da0    0x28  data_init.o [4]
  .rodata            const     0x800'2dc8    0x24  main.o [1]
  .text              ro code   0x800'2dec    0x24  stm32f4xx_it.o [1]
  .text              ro code   0x800'2e10    0x10  stm32f4xx_hal.o [1]
  .text              ro code   0x800'2e20    0x22  fpinit_M.o [3]
  .iar.init_table    const     0x800'2e44    0x20  - Linker created -
  .text              ro code   0x800'2e64    0x1e  cmain.o [4]
  .text              ro code   0x800'2e82     0x4  low_level_init.o [2]
  .text              ro code   0x800'2e86     0x4  exit.o [2]
  .text              ro code   0x800'2e8c     0xa  cexit.o [4]
  .text              ro code   0x800'2e98    0x14  exit.o [5]
  .text              ro code   0x800'2eac    0x10  startup_stm32f429xx.o [1]
  .rodata            const     0x800'2ebc     0xc  main.o [1]
  .text              ro code   0x800'2ec8     0xc  cstartup_M.o [4]
  .text              ro code   0x800'2ed4     0x4  startup_stm32f429xx.o [1]
  .text              ro code   0x800'2ed8     0x4  startup_stm32f429xx.o [1]
  .text              ro code   0x800'2edc     0x4  startup_stm32f429xx.o [1]
  .text              ro code   0x800'2ee0     0x4  startup_stm32f429xx.o [1]
  .text              ro code   0x800'2ee4     0x4  startup_stm32f429xx.o [1]
  .text              ro code   0x800'2ee8     0x4  startup_stm32f429xx.o [1]
  .text              ro code   0x800'2eec     0x4  startup_stm32f429xx.o [1]
  .text              ro code   0x800'2ef0     0x4  startup_stm32f429xx.o [1]
  .text              ro code   0x800'2ef4     0x4  startup_stm32f429xx.o [1]
  .text              ro code   0x800'2ef8     0x4  startup_stm32f429xx.o [1]
  .text              ro code   0x800'2efc     0x4  startup_stm32f429xx.o [1]
  .text              ro code   0x800'2f00     0x4  startup_stm32f429xx.o [1]
  .text              ro code   0x800'2f04     0x4  startup_stm32f429xx.o [1]
  .text              ro code   0x800'2f08     0x4  startup_stm32f429xx.o [1]
  .text              ro code   0x800'2f0c     0x4  startup_stm32f429xx.o [1]
  .text              ro code   0x800'2f10     0x4  startup_stm32f429xx.o [1]
  .text              ro code   0x800'2f14     0x4  startup_stm32f429xx.o [1]
  .text              ro code   0x800'2f18     0x4  startup_stm32f429xx.o [1]
  .text              ro code   0x800'2f1c     0x4  startup_stm32f429xx.o [1]
  .text              ro code   0x800'2f20     0x4  startup_stm32f429xx.o [1]
  .text              ro code   0x800'2f24     0x4  startup_stm32f429xx.o [1]
  .text              ro code   0x800'2f28     0x4  startup_stm32f429xx.o [1]
  .text              ro code   0x800'2f2c     0x4  startup_stm32f429xx.o [1]
  .text              ro code   0x800'2f30     0x4  startup_stm32f429xx.o [1]
  .text              ro code   0x800'2f34     0x4  startup_stm32f429xx.o [1]
  .text              ro code   0x800'2f38     0x4  startup_stm32f429xx.o [1]
  .text              ro code   0x800'2f3c     0x4  startup_stm32f429xx.o [1]
  .text              ro code   0x800'2f40     0x4  startup_stm32f429xx.o [1]
  .text              ro code   0x800'2f44     0x4  startup_stm32f429xx.o [1]
  .text              ro code   0x800'2f48     0x4  startup_stm32f429xx.o [1]
  .text              ro code   0x800'2f4c     0x4  startup_stm32f429xx.o [1]
  .text              ro code   0x800'2f50     0x4  startup_stm32f429xx.o [1]
  .text              ro code   0x800'2f54     0x4  startup_stm32f429xx.o [1]
  .text              ro code   0x800'2f58     0x4  startup_stm32f429xx.o [1]
  .text              ro code   0x800'2f5c     0x4  startup_stm32f429xx.o [1]
  .text              ro code   0x800'2f60     0x4  startup_stm32f429xx.o [1]
  .text              ro code   0x800'2f64     0x4  startup_stm32f429xx.o [1]
  .text              ro code   0x800'2f68     0x4  startup_stm32f429xx.o [1]
  .text              ro code   0x800'2f6c     0x4  startup_stm32f429xx.o [1]
  .text              ro code   0x800'2f70     0x4  startup_stm32f429xx.o [1]
  .text              ro code   0x800'2f74     0x4  startup_stm32f429xx.o [1]
  .text              ro code   0x800'2f78     0x4  startup_stm32f429xx.o [1]
  .text              ro code   0x800'2f7c     0x4  startup_stm32f429xx.o [1]
  .text              ro code   0x800'2f80     0x4  startup_stm32f429xx.o [1]
  .text              ro code   0x800'2f84     0x4  startup_stm32f429xx.o [1]
  .text              ro code   0x800'2f88     0x4  startup_stm32f429xx.o [1]
  .text              ro code   0x800'2f8c     0x4  startup_stm32f429xx.o [1]
  .text              ro code   0x800'2f90     0x4  startup_stm32f429xx.o [1]
  .text              ro code   0x800'2f94     0x4  startup_stm32f429xx.o [1]
  .text              ro code   0x800'2f98     0x4  startup_stm32f429xx.o [1]
  .text              ro code   0x800'2f9c     0x4  startup_stm32f429xx.o [1]
  .text              ro code   0x800'2fa0     0x4  startup_stm32f429xx.o [1]
  .text              ro code   0x800'2fa4     0x4  startup_stm32f429xx.o [1]
  .text              ro code   0x800'2fa8     0x4  startup_stm32f429xx.o [1]
  .text              ro code   0x800'2fac     0x4  startup_stm32f429xx.o [1]
  .text              ro code   0x800'2fb0     0x4  startup_stm32f429xx.o [1]
  .text              ro code   0x800'2fb4     0x4  startup_stm32f429xx.o [1]
  .text              ro code   0x800'2fb8     0x4  startup_stm32f429xx.o [1]
  .text              ro code   0x800'2fbc     0x4  startup_stm32f429xx.o [1]
  .text              ro code   0x800'2fc0     0x4  startup_stm32f429xx.o [1]
  .text              ro code   0x800'2fc4     0x4  startup_stm32f429xx.o [1]
  .text              ro code   0x800'2fc8     0x4  startup_stm32f429xx.o [1]
  .text              ro code   0x800'2fcc     0x4  startup_stm32f429xx.o [1]
  .text              ro code   0x800'2fd0     0x4  startup_stm32f429xx.o [1]
  .text              ro code   0x800'2fd4     0x4  startup_stm32f429xx.o [1]
  .text              ro code   0x800'2fd8     0x4  startup_stm32f429xx.o [1]
  .text              ro code   0x800'2fdc     0x4  startup_stm32f429xx.o [1]
  .text              ro code   0x800'2fe0     0x4  startup_stm32f429xx.o [1]
  .text              ro code   0x800'2fe4     0x4  startup_stm32f429xx.o [1]
  .text              ro code   0x800'2fe8     0x4  startup_stm32f429xx.o [1]
  .text              ro code   0x800'2fec     0x4  startup_stm32f429xx.o [1]
  .text              ro code   0x800'2ff0     0x4  startup_stm32f429xx.o [1]
  .text              ro code   0x800'2ff4     0x4  startup_stm32f429xx.o [1]
  .text              ro code   0x800'2ff8     0x4  startup_stm32f429xx.o [1]
  .text              ro code   0x800'2ffc     0x4  startup_stm32f429xx.o [1]
  .text              ro code   0x800'3000     0x4  startup_stm32f429xx.o [1]
  .text              ro code   0x800'3004     0x4  startup_stm32f429xx.o [1]
  .text              ro code   0x800'3008     0x4  startup_stm32f429xx.o [1]
  .text              ro code   0x800'300c     0x4  startup_stm32f429xx.o [1]
  .text              ro code   0x800'3010     0x4  startup_stm32f429xx.o [1]
  .text              ro code   0x800'3014     0x4  startup_stm32f429xx.o [1]
  .text              ro code   0x800'3018     0x4  startup_stm32f429xx.o [1]
  .text              ro code   0x800'301c     0x4  startup_stm32f429xx.o [1]
  .text              ro code   0x800'3020     0x4  startup_stm32f429xx.o [1]
  .text              ro code   0x800'3024     0x4  startup_stm32f429xx.o [1]
  .text              ro code   0x800'3028     0x4  startup_stm32f429xx.o [1]
  .text              ro code   0x800'302c     0x4  startup_stm32f429xx.o [1]
  .text              ro code   0x800'3030     0x4  startup_stm32f429xx.o [1]
  .text              ro code   0x800'3034     0x4  startup_stm32f429xx.o [1]
  .text              ro code   0x800'3038     0x4  startup_stm32f429xx.o [1]
  .rodata            const     0x800'303c     0x0  zero_init3.o [4]
  .rodata            const     0x800'303c     0x0  packbits_init_single.o [4]
  Initializer bytes  const     0x800'303c    0x12  <for P2-1>
                             - 0x800'304e  0x2ea2

"P2", part 1 of 3:                           0x1c
  P2-1                        0x2000'0000    0x1c  <Init block>
    .data            inited   0x2000'0000     0xc  port.o [1]
    .data            inited   0x2000'000c     0xc  stm32f4xx_hal.o [1]
    .data            inited   0x2000'0018     0x4  system_stm32f4xx.o [1]
                            - 0x2000'001c    0x1c

"P2", part 2 of 3:                         0x4a3c
  .bss               zero     0x2000'001c  0x3c18  heap_4.o [1]
  .bss               zero     0x2000'3c34   0x460  tasks.o [1]
  .bss               zero     0x2000'4094   0x45c  cmsis_os2.o [1]
  .bss               zero     0x2000'44f0   0x25c  cmsis_os2.o [1]
  .bss               zero     0x2000'474c   0x12c  timers.o [1]
  .bss               zero     0x2000'4878   0x100  main.o [1]
  .bss               zero     0x2000'4978    0x9c  tasks.o [1]
  .bss               zero     0x2000'4a14    0x40  queue.o [1]
  .bss               zero     0x2000'4a54     0x4  cmsis_os2.o [1]
                            - 0x2000'4a58  0x4a3c

"P2", part 3 of 3:                          0x400
  CSTACK                      0x2000'4a58   0x400  <Block>
    CSTACK           uninit   0x2000'4a58   0x400  <Block tail>
                            - 0x2000'4e58   0x400

Unused ranges:

         From           To       Size
         ----           --       ----
   0x800'304e   0x81f'ffff  0x1f'cfb2
  0x2000'4e58  0x2002'ffff   0x2'b1a8


*******************************************************************************
*** INIT TABLE
***

          Address      Size
          -------      ----
Zero (__iar_zero_init3)
    1 destination range, total size 0x4a3c:
          0x2000'001c  0x4a3c

Copy/packbits (__iar_packbits_init_single3)
    1 source range, total size 0x12 (64% of destination):
           0x800'303c    0x12
    1 destination range, total size 0x1c:
          0x2000'0000    0x1c



*******************************************************************************
*** MODULE SUMMARY
***

    Module                  ro code  ro data  rw data
    ------                  -------  -------  -------
command line/config:
    -------------------------------------------------
    Total:

Z:\Work_Project\BKY3200D_AI\BKY3200D_AI\EWARM\BKY3200D_AI\Obj: [1]
    cmsis_os2.o                 416             1'724
    freertos.o                    2
    heap_4.o                    440            15'384
    list.o                      146
    main.o                      694       48      256
    port.o                      496        7       12
    portasm.o                   176
    queue.o                   1'412                64
    startup_stm32f429xx.o       804
    stm32f4xx_hal.o             144        8       12
    stm32f4xx_hal_cortex.o      172
    stm32f4xx_hal_crc.o          32
    stm32f4xx_hal_dma2d.o       246
    stm32f4xx_hal_gpio.o        504
    stm32f4xx_hal_iwdg.o         68
    stm32f4xx_hal_ltdc.o        584
    stm32f4xx_hal_msp.o         604
    stm32f4xx_hal_pwr_ex.o      120
    stm32f4xx_hal_rcc.o       1'168
    stm32f4xx_hal_rcc_ex.o      548
    stm32f4xx_it.o               36
    system_stm32f4xx.o           44        3        4
    tasks.o                   1'884             1'276
    timers.o                    860               300
    -------------------------------------------------
    Total:                   11'600       66   19'032

dl7M_tlf.a: [2]
    exit.o                        4
    low_level_init.o              4
    -------------------------------------------------
    Total:                        8

m7M_tls.a: [3]
    fpinit_M.o                   34
    -------------------------------------------------
    Total:                       34

rt7M_tl.a: [4]
    ABImemcpy_small.o            24
    ABImemset48.o                58
    ABImemset_small.o            18
    I64DivMod_small.o           262
    I64DivZer.o                   2
    cexit.o                      10
    cmain.o                      30
    cstartup_M.o                 12
    data_init.o                  40
    memset.o                     20
    packbits_init_single.o       56
    zero_init3.o                 58
    -------------------------------------------------
    Total:                      590

shb_l.a: [5]
    exit.o                       20
    -------------------------------------------------
    Total:                       20

    Gaps                         14        2
    Linker created                        32    1'024
-----------------------------------------------------
    Grand Total:             12'266      100   20'056


*******************************************************************************
*** ENTRY LIST
***

Entry                       Address    Size  Type      Object
-----                       -------    ----  ----      ------
.iar.init_table$$Base    0x800'2e44           --   Gb  - Linker created -
.iar.init_table$$Limit   0x800'2e64           --   Gb  - Linker created -
?main                    0x800'2e65          Code  Gb  cmain.o [4]
AHBPrescTable            0x800'2d90    0x10  Data  Gb  system_stm32f4xx.o [1]
BusFault_Handler         0x800'2df3     0x2  Code  Gb  stm32f4xx_it.o [1]
CSTACK$$Base            0x2000'4a58           --   Gb  - Linker created -
CSTACK$$Limit           0x2000'4e58           --   Gb  - Linker created -
DebugMon_Handler         0x800'2df7     0x2  Code  Gb  stm32f4xx_it.o [1]
HAL_CRC_Init             0x800'1f09    0x20  Code  Gb  stm32f4xx_hal_crc.o [1]
HAL_CRC_MspInit          0x800'2805    0x26  Code  Gb  stm32f4xx_hal_msp.o [1]
HAL_DMA2D_ConfigLayer    0x800'1f7f    0x92  Code  Gb  stm32f4xx_hal_dma2d.o [1]
HAL_DMA2D_Init           0x800'1f29    0x56  Code  Gb  stm32f4xx_hal_dma2d.o [1]
HAL_DMA2D_MspInit        0x800'282b    0x26  Code  Gb  stm32f4xx_hal_msp.o [1]
HAL_GPIO_Init            0x800'2b41   0x1c2  Code  Gb  stm32f4xx_hal_gpio.o [1]
HAL_GetTick              0x800'1c11     0xc  Code  Wk  stm32f4xx_hal.o [1]
HAL_IWDG_Init            0x800'201f    0x44  Code  Gb  stm32f4xx_hal_iwdg.o [1]
HAL_IncTick              0x800'2e11    0x10  Code  Wk  stm32f4xx_hal.o [1]
HAL_Init                 0x800'1ed5    0x30  Code  Gb  stm32f4xx_hal.o [1]
HAL_InitTick             0x800'2789    0x40  Code  Wk  stm32f4xx_hal.o [1]
HAL_LTDC_ConfigLayer     0x800'215f    0x44  Code  Gb  stm32f4xx_hal_ltdc.o [1]
HAL_LTDC_Init            0x800'2079    0xe6  Code  Gb  stm32f4xx_hal_ltdc.o [1]
HAL_LTDC_MspInit         0x800'2851   0x162  Code  Gb  stm32f4xx_hal_msp.o [1]
HAL_MspInit              0x800'27c9    0x3c  Code  Gb  stm32f4xx_hal_msp.o [1]
HAL_NVIC_SetPriority     0x800'2711    0x3a  Code  Gb  stm32f4xx_hal_cortex.o [1]
HAL_NVIC_SetPriorityGrouping
                         0x800'26f7    0x1a  Code  Gb  stm32f4xx_hal_cortex.o [1]
HAL_PWREx_EnableOverDrive
                         0x800'22c1    0x48  Code  Gb  stm32f4xx_hal_pwr_ex.o [1]
HAL_RCCEx_PeriphCLKConfig
                         0x800'24b9   0x1f8  Code  Gb  stm32f4xx_hal_rcc_ex.o [1]
HAL_RCC_ClockConfig      0x800'2339   0x100  Code  Gb  stm32f4xx_hal_rcc.o [1]
HAL_RCC_OscConfig        0x800'1901   0x310  Code  Wk  stm32f4xx_hal_rcc.o [1]
HAL_SYSTICK_Config       0x800'274b    0x28  Code  Gb  stm32f4xx_hal_cortex.o [1]
HardFault_Handler        0x800'2def     0x2  Code  Gb  stm32f4xx_it.o [1]
Idle_Stack              0x2000'454c   0x200  Data  Lc  cmsis_os2.o [1]
Idle_TCB                0x2000'44f0    0x5c  Data  Lc  cmsis_os2.o [1]
KernelState             0x2000'4a54     0x4  Data  Lc  cmsis_os2.o [1]
LTDC_SetConfig           0x800'21b1   0x104  Code  Lc  stm32f4xx_hal_ltdc.o [1]
MemManage_Handler        0x800'2df1     0x2  Code  Gb  stm32f4xx_it.o [1]
NMI_Handler              0x800'2ded     0x2  Code  Gb  stm32f4xx_it.o [1]
PendSV_Handler           0x800'12b5          Code  Gb  portasm.o [1]
Region$$Table$$Base      0x800'2e44           --   Gb  - Linker created -
Region$$Table$$Limit     0x800'2e64           --   Gb  - Linker created -
SVC_Handler              0x800'130d          Code  Gb  portasm.o [1]
StartDefaultTask         0x800'1ec9     0xa  Code  Gb  main.o [1]
SysTick_Handler          0x800'2df9    0x18  Code  Gb  stm32f4xx_it.o [1]
SystemClock_Config       0x800'1de9    0xbc  Code  Gb  main.o [1]
SystemCoreClock         0x2000'0018     0x4  Data  Gb  system_stm32f4xx.o [1]
SystemInit               0x800'2d75    0x14  Code  Gb  system_stm32f4xx.o [1]
Timer_Stack             0x2000'40f0   0x400  Data  Lc  cmsis_os2.o [1]
Timer_TCB               0x2000'4094    0x5c  Data  Lc  cmsis_os2.o [1]
UsageFault_Handler       0x800'2df5     0x2  Code  Gb  stm32f4xx_it.o [1]
__NVIC_SetPriority       0x800'26dd    0x1a  Code  Lc  stm32f4xx_hal_cortex.o [1]
__aeabi_ldiv0            0x800'2d39          Code  Gb  I64DivZer.o [4]
__aeabi_memset4          0x800'0ac1          Code  Gb  ABImemset48.o [4]
__aeabi_memset8          0x800'0ac1          Code  Gb  ABImemset48.o [4]
__cmain                  0x800'2e65          Code  Gb  cmain.o [4]
__exit                   0x800'2e99    0x14  Code  Gb  exit.o [5]
__iar_Memset4_word       0x800'0ac9          Code  Gb  ABImemset48.o [4]
__iar_Memset8_word       0x800'0ac9          Code  Gb  ABImemset48.o [4]
__iar_data_init3         0x800'2da1    0x28  Code  Gb  data_init.o [4]
__iar_init_vfp           0x800'2e21          Code  Gb  fpinit_M.o [3]
__iar_packbits_init_single3
                         0x800'2d3b    0x38  Code  Gb  packbits_init_single.o [4]
__iar_program_start      0x800'2ec9          Code  Gb  cstartup_M.o [4]
__iar_small_Memcpy       0x800'18ed          Code  Gb  ABImemcpy_small.o [4]
__iar_small_Memset       0x800'2a25          Code  Gb  ABImemset_small.o [4]
__iar_small_Memset_word
                         0x800'2a25          Code  Gb  ABImemset_small.o [4]
__iar_small_memcpy       0x800'18e9          Code  Gb  ABImemcpy_small.o [4]
__iar_small_memcpy4      0x800'18e9          Code  Gb  ABImemcpy_small.o [4]
__iar_small_memcpy8      0x800'18e9          Code  Gb  ABImemcpy_small.o [4]
__iar_small_memset       0x800'2a25          Code  Gb  ABImemset_small.o [4]
__iar_small_uldivmod     0x800'2a39          Code  Gb  I64DivMod_small.o [4]
__iar_zero_init3         0x800'127b    0x3a  Code  Gb  zero_init3.o [4]
__low_level_init         0x800'2e83     0x4  Code  Gb  low_level_init.o [2]
__vector_table           0x800'0000          Data  Gb  startup_stm32f429xx.o [1]
_call_main               0x800'2e71          Code  Gb  cmain.o [4]
_exit                    0x800'2e8d          Code  Gb  cexit.o [4]
_main                    0x800'2e7f          Code  Gb  cmain.o [4]
defaultTaskHandle       0x2000'4974     0x4  Data  Gb  main.o [1]
defaultTask_attributes   0x800'2dc8    0x24  Data  Gb  main.o [1]
exit                     0x800'2e87     0x4  Code  Gb  exit.o [2]
hcrc                    0x2000'496c     0x8  Data  Gb  main.o [1]
hdma2d                  0x2000'4920    0x40  Data  Gb  main.o [1]
hiwdg                   0x2000'4960     0xc  Data  Gb  main.o [1]
hltdc                   0x2000'4878    0xa8  Data  Gb  main.o [1]
main                     0x800'1c1d   0x1c2  Code  Gb  main.o [1]
memset                   0x800'2063    0x14  Code  Gb  memset.o [4]
osDelay                  0x800'0ead    0x2e  Code  Gb  cmsis_os2.o [1]
osKernelInitialize       0x800'0d7d    0x2c  Code  Gb  cmsis_os2.o [1]
osKernelStart            0x800'0db1    0x36  Code  Gb  cmsis_os2.o [1]
osThreadNew              0x800'0df3    0xac  Code  Gb  cmsis_os2.o [1]
prvAddCurrentTaskToDelayedList
                         0x800'089d    0x4e  Code  Lc  tasks.o [1]
prvAddNewTaskToReadyList
                         0x800'02f3    0xb0  Code  Lc  tasks.o [1]
prvCheckForValidListAndQueue
                         0x800'1211    0x4e  Code  Lc  timers.o [1]
prvCheckForValidListAndQueue{1}{2}{3}{4}::ucStaticTimerQueueStorage
                        0x2000'47d8    0xa0  Data  Lc  timers.o [1]
prvCheckForValidListAndQueue{1}{2}{3}{4}::xStaticTimerQueue
                        0x2000'4788    0x50  Data  Lc  timers.o [1]
prvCopyDataFromQueue     0x800'17d1    0x28  Code  Lc  queue.o [1]
prvCopyDataToQueue       0x800'1769    0x68  Code  Lc  queue.o [1]
prvDeleteTCB             0x800'07a1    0x2e  Code  Lc  tasks.o [1]
prvIdleTask              0x800'075d    0x44  Code  Lc  tasks.o [1]
prvInitialiseNewQueue    0x800'1435    0x20  Code  Lc  queue.o [1]
prvInitialiseNewTask     0x800'0267    0x8c  Code  Lc  tasks.o [1]
prvInsertBlockIntoFreeList
                         0x800'0a6f    0x4a  Code  Lc  heap_4.o [1]
prvInsertTimerInActiveList
                         0x800'11db    0x34  Code  Lc  timers.o [1]
prvIsQueueEmpty          0x800'1861    0x16  Code  Lc  queue.o [1]
prvResetNextTaskUnblockTime
                         0x800'07cf    0x1a  Code  Lc  tasks.o [1]
prvSampleTimeNow         0x800'1151    0x7a  Code  Lc  timers.o [1]
prvSampleTimeNow::xLastTime
                        0x2000'475c     0x4  Data  Lc  timers.o [1]
prvTaskExitError         0x800'0bb5    0x1c  Code  Lc  port.o [1]
prvTimerTask             0x800'0fc5   0x18c  Code  Lc  timers.o [1]
prvUnlockQueue           0x800'17f9    0x68  Code  Lc  queue.o [1]
pvPortMalloc             0x800'0909   0x104  Code  Gb  heap_4.o [1]
pxCurrentTCB            0x2000'49a0     0x4  Data  Gb  tasks.o [1]
pxCurrentTimerList      0x2000'474c     0x4  Data  Lc  timers.o [1]
pxDelayedTaskList       0x2000'49a4     0x4  Data  Lc  tasks.o [1]
pxEnd                   0x2000'0024     0x4  Data  Lc  heap_4.o [1]
pxOverflowDelayedTaskList
                        0x2000'49a8     0x4  Data  Lc  tasks.o [1]
pxOverflowTimerList     0x2000'4750     0x4  Data  Lc  timers.o [1]
pxPortInitialiseStack    0x800'0b8d    0x26  Code  Gb  port.o [1]
pxReadyTasksLists       0x2000'3c34   0x460  Data  Lc  tasks.o [1]
ucHeap                  0x2000'0034  0x3c00  Data  Lc  heap_4.o [1]
ucMaxSysCallPriority    0x2000'0000     0x1  Data  Lc  port.o [1]
ulMaxPRIGROUPValue      0x2000'0008     0x4  Data  Lc  port.o [1]
uwTick                  0x2000'0010     0x4  Data  Gb  stm32f4xx_hal.o [1]
uwTickFreq              0x2000'000c     0x1  Data  Gb  stm32f4xx_hal.o [1]
uwTickPrio              0x2000'0014     0x4  Data  Gb  stm32f4xx_hal.o [1]
uxCriticalNesting       0x2000'0004     0x4  Data  Lc  port.o [1]
uxCurrentNumberOfTasks  0x2000'49c4     0x4  Data  Lc  tasks.o [1]
uxDeletedTasksWaitingCleanUp
                        0x2000'49ac     0x4  Data  Lc  tasks.o [1]
uxListRemove             0x800'0b67    0x26  Code  Gb  list.o [1]
uxPendedTicks           0x2000'49d4     0x4  Data  Lc  tasks.o [1]
uxSchedulerSuspended    0x2000'49e8     0x4  Data  Lc  tasks.o [1]
uxTaskNumber            0x2000'49e0     0x4  Data  Lc  tasks.o [1]
uxTopReadyPriority      0x2000'49cc     0x4  Data  Lc  tasks.o [1]
vApplicationGetIdleTaskMemory
                         0x800'0ef1    0x10  Code  Gb  cmsis_os2.o [1]
vApplicationGetTimerTaskMemory
                         0x800'0f01    0x12  Code  Gb  cmsis_os2.o [1]
vApplicationIdleHook     0x800'1279     0x2  Code  Wk  freertos.o [1]
vListInitialise          0x800'0afb    0x1a  Code  Gb  list.o [1]
vListInitialiseItem      0x800'0b15     0x6  Code  Gb  list.o [1]
vListInsert              0x800'0b35    0x32  Code  Gb  list.o [1]
vListInsertEnd           0x800'0b1b    0x1a  Code  Gb  list.o [1]
vPortEnableVFP           0x800'1349          Code  Gb  portasm.o [1]
vPortEnterCritical       0x800'0c71    0x32  Code  Gb  port.o [1]
vPortExitCritical        0x800'0ca3    0x22  Code  Gb  port.o [1]
vPortFree                0x800'0a1b    0x46  Code  Gb  heap_4.o [1]
vPortStartFirstTask      0x800'1329          Code  Gb  portasm.o [1]
vPortValidateInterruptPriority
                         0x800'0ced    0x34  Code  Gb  port.o [1]
vQueueAddToRegistry      0x800'1877    0x20  Code  Gb  queue.o [1]
vQueueWaitForMessageRestricted
                         0x800'18a1    0x48  Code  Gb  queue.o [1]
vTaskDelay               0x800'03a3    0x2e  Code  Gb  tasks.o [1]
vTaskInternalSetTimeOutState
                         0x800'06df     0xe  Code  Gb  tasks.o [1]
vTaskMissedYield         0x800'0753     0xa  Code  Gb  tasks.o [1]
vTaskPlaceOnEventList    0x800'0611    0x20  Code  Gb  tasks.o [1]
vTaskPlaceOnEventListRestricted
                         0x800'0649    0x2a  Code  Gb  tasks.o [1]
vTaskStartScheduler      0x800'03d7    0x6e  Code  Gb  tasks.o [1]
vTaskSuspendAll          0x800'0445     0xc  Code  Gb  tasks.o [1]
vTaskSwitchContext       0x800'05b9    0x50  Code  Gb  tasks.o [1]
xActiveTimerList1       0x2000'4760    0x14  Data  Lc  timers.o [1]
xActiveTimerList2       0x2000'4774    0x14  Data  Lc  timers.o [1]
xBlockAllocatedBit      0x2000'0030     0x4  Data  Lc  heap_4.o [1]
xDelayedTaskList1       0x2000'49ec    0x14  Data  Lc  tasks.o [1]
xDelayedTaskList2       0x2000'4a00    0x14  Data  Lc  tasks.o [1]
xFreeBytesRemaining     0x2000'0028     0x4  Data  Lc  heap_4.o [1]
xMinimumEverFreeBytesRemaining
                        0x2000'002c     0x4  Data  Lc  heap_4.o [1]
xNextTaskUnblockTime    0x2000'49e4     0x4  Data  Lc  tasks.o [1]
xNumOfOverflows         0x2000'49dc     0x4  Data  Lc  tasks.o [1]
xPendingReadyList       0x2000'4978    0x14  Data  Lc  tasks.o [1]
xPortStartScheduler      0x800'0bd1    0xa0  Code  Gb  port.o [1]
xPortSysTickHandler      0x800'0cc5    0x26  Code  Gb  port.o [1]
xQueueGenericCreateStatic
                         0x800'13d7    0x5e  Code  Gb  queue.o [1]
xQueueGenericReset       0x800'1365    0x72  Code  Gb  queue.o [1]
xQueueGenericSend        0x800'1465   0x122  Code  Gb  queue.o [1]
xQueueGenericSendFromISR
                         0x800'158f    0x8a  Code  Gb  queue.o [1]
xQueueReceive            0x800'162d    0xfc  Code  Gb  queue.o [1]
xQueueRegistry          0x2000'4a14    0x40  Data  Gb  queue.o [1]
xSchedulerRunning       0x2000'49d0     0x4  Data  Lc  tasks.o [1]
xStart                  0x2000'001c     0x8  Data  Lc  heap_4.o [1]
xSuspendedTaskList      0x2000'49b0    0x14  Data  Lc  tasks.o [1]
xTaskCheckForTimeOut     0x800'06ed    0x66  Code  Gb  tasks.o [1]
xTaskCreate              0x800'020b    0x5c  Code  Gb  tasks.o [1]
xTaskCreateStatic        0x800'01ad    0x5e  Code  Gb  tasks.o [1]
xTaskGetSchedulerState   0x800'07e9    0x18  Code  Gb  tasks.o [1]
xTaskGetTickCount        0x800'04f7     0x8  Code  Gb  tasks.o [1]
xTaskIncrementTick       0x800'04ff    0xba  Code  Gb  tasks.o [1]
xTaskPriorityDisinherit
                         0x800'0807    0x5c  Code  Gb  tasks.o [1]
xTaskRemoveFromEventList
                         0x800'067f    0x4a  Code  Gb  tasks.o [1]
xTaskResumeAll           0x800'0451    0x96  Code  Gb  tasks.o [1]
xTasksWaitingTermination
                        0x2000'498c    0x14  Data  Lc  tasks.o [1]
xTickCount              0x2000'49c8     0x4  Data  Lc  tasks.o [1]
xTimerCreateTimerTask    0x800'0f1d    0x4c  Code  Gb  timers.o [1]
xTimerGenericCommand     0x800'0f77    0x4e  Code  Gb  timers.o [1]
xTimerQueue             0x2000'4754     0x4  Data  Lc  timers.o [1]
xTimerTaskHandle        0x2000'4758     0x4  Data  Lc  timers.o [1]
xYieldPending           0x2000'49d8     0x4  Data  Lc  tasks.o [1]


[1] = Z:\Work_Project\BKY3200D_AI\BKY3200D_AI\EWARM\BKY3200D_AI\Obj
[2] = dl7M_tlf.a
[3] = m7M_tls.a
[4] = rt7M_tl.a
[5] = shb_l.a

  12'266 bytes of readonly  code memory
     100 bytes of readonly  data memory
  20'056 bytes of readwrite data memory

Errors: none
Warnings: none
